Γû▓ Next.js 16.1.6 (Turbopack)

  Creating an optimized production build ...
